Error "./docs/build.md
Doculisp section-meta block at (1, 10) does not have a title block."