Ok (
	Title: "My document"
	Subtitle: "None"
	Link: "#my_document"
	Table of Contents: NoTable
	Externals: None
	Parts: [
		Markdown (
			## A hardcoded heading
			
			with some text
		)
	]
)