Ok (
	Title: ""
	Subtitle: "None"
	Link: ""
	Table of Contents: NoTable
	Externals: None
	Parts: [
		Markdown (
			Hello world
		)
	]
)