Error "./docs/readme.md

Doculisp block at (2, 10) appears before section-meta block."