Ok (
	Title: "Section Meta Block"
	Subtitle: "None"
	Link: "#section_meta_block"
	Table of Contents: NoTable
	Externals: None
	Parts: [
		text
	]

)