Error "./docs/_doc.md

Open parentheses without atom at (3, 5)."