Ok (
	Lisp [
		(section-meta @ (3, 5)
			(title @ (4, 9)
				Parameter: My Document @ (4, 16)
			) @ (4, 27)
		) @ (5, 5)
	]
	Text (
		# Heading
		(9, 1)
	)
)