Ok (
	Lisp [

		(dl @ (1, 6)
			(content @ (1, 10)
			) @ (1, 18)
		) @ (1, 19)
	]
)