Ok (

	Text (
		Hello Test
		this is a case
		(1, 10)
	)
)