Ok (
	Lisp [
		(# @ (1, 10)
			Parameter: My Heading @ (1, 13)
		) @ (1, 23)
	]
)