Error "./docs/_readme.md

Inline code block at (1, 10) contains a new line."