Error "Inline code block at (2, 1) is not closed."