Ok (
	Text (1, 1) (
		My cool
	)

	Text (3, 1) (
		world
	)
)