Ok (


	Text (1, 1) (
		```C#
		var x = 2 + 2;
		```
	)
)