Ok (


	Text (1, 1) (
		```markdown
		<!--
		    (dl (content))
		-->
		```
	)
)