Ok (


	Lisp (3, 6) (
		(dl
		       (# My New \(Heading)
		     )
	)
)