Error "Multiline code block at (2, 0) is not closed."