Ok (
	Text (1, 1) (
		# A document
		
		About something
	)
)