Ok (
	Text (1, 1) (
		```markdown
		\`\`\`
		// Some Code here
		\`\`\`
		```
	)
)