Error "./docs/here.md
Doculisp block at (1, 6) is not closed."