Ok (


	Lisp (3, 7) (
		(dl (# My New Heading))
	)
)