Ok (
	Text Map (1, 1) (
		My cool
	)

	Text Map (1, 39) (
		world
	)
)