Error "./docs/here.md
Comment at (2, 12) is not closed."