Ok (
	Text Map (1, 1) (
		\`
	)

	Text Map (1, 22) (
		\`
	)
)